{
  "run_id": "async_lc_auto_smoke",
  "status": "failed",
  "visited_steps": [
    "step_image",
    "step_image",
    "step_image"
  ],
  "cache_hits": [],
  "artifact_ids": [],
  "checkpoint_ids": [],
  "trace_id": "trace_async_lc_auto_smoke",
  "termination_reason": null,
  "last_failure_mode": "worker_error",
  "failure_events": [
    {
      "step_id": "step_image",
      "mode": "worker_error",
      "decision": "fallback_model"
    },
    {
      "step_id": "step_image",
      "mode": "worker_error",
      "decision": "fallback_model"
    },
    {
      "step_id": "step_image",
      "mode": "worker_error",
      "decision": "fallback_model"
    }
  ],
  "revise_events": [],
  "verdicts": []
}
