FFF.                                                                     [100%]
================================== FAILURES ===================================
______________ test_comfy_agenerate_uses_create_subprocess_exec _______________

monkeypatch = <_pytest.monkeypatch.MonkeyPatch object at 0x000002A74CA6C640>
tmp_path = WindowsPath('C:/Users/mzq/AppData/Local/Temp/pytest-of-mzq/pytest-968/test_comfy_agenerate_uses_crea0')

    async def test_comfy_agenerate_uses_create_subprocess_exec(monkeypatch, tmp_path):
        """agenerate 主面必须使用 asyncio.create_subprocess_exec(非 subprocess.run)。
        spy 注入到 asyncio.create_subprocess_exec,验证调用路径经过 async 接口。"""
        import asyncio
        import sys
        import json as _json
    
        # --- 准备 fake output PNG 文件 ---
        fake_png = tmp_path / "scripts" / "out.png"
        fake_png.parent.mkdir(parents=True, exist_ok=True)
        _make_png_file(fake_png)
    
        # --- 构造 spy:记录是否经过 create_subprocess_exec ---
        spawned = {"via": None}
        real_create = asyncio.create_subprocess_exec
    
        async def _spy(*a, **kw):
            spawned["via"] = "create_subprocess_exec"
            return await real_create(*a, **kw)
    
        monkeypatch.setattr(asyncio, "create_subprocess_exec", _spy)
    
        # --- 同时 monkeypatch sys.executable,使真实 subprocess 快速退出并输出合法 JSON ---
        # 写一个临时 Python 脚本:向 stdout 输出模拟 comfyui_api run 的 JSON 响应
        fake_script = tmp_path / "fake_comfyui_api.py"
        fake_script.write_text(
            "import sys, json\n"
            f"print(json.dumps({{'ok': True, 'outputs': {{'images': ['{str(fake_png).replace(chr(92), '/')}'], 'glb': [], 'audio': [], 'video': []}}}}),end='')\n"
            "sys.exit(0)\n",
            encoding="utf-8",
        )
        # monkeypatch python_exe 和 scripts_dir 使 comfyui_api 指向 fake_script
        scripts_dir = tmp_path / "scripts"
        scripts_dir.mkdir(exist_ok=True)
        (scripts_dir / "comfyui_api").mkdir(exist_ok=True)
        artifacts_dir = tmp_path / "artifacts"
        artifacts_dir.mkdir(exist_ok=True)
    
        # 创建 worker,python_exe 指向真实 interpreter,但 module 路径 monkeypatch
        # 方案:monkeypatch asyncio.create_subprocess_exec,但 subprocess 本身需返回合法输出。
        # 由于真实 comfyui_api 不存在,我们需要另一个策略:
        # monkeypatch _run_once_async(如果存在)或直接 monkeypatch create_subprocess_exec
        # 返回 fake Process。
>       worker = _make_fake_agent_worker(tmp_path)
                 ^^^^^^^^^^^^^^^^^^^^^^^^^^^^^^^^^

tests\unit\test_comfy_subprocess.py:1319: 
_ _ _ _ _ _ _ _ _ _ _ _ _ _ _ _ _ _ _ _ _ _ _ _ _ _ _ _ _ _ _ _ _ _ _ _ _ _ _ _
tests\unit\test_comfy_subprocess.py:1273: in _make_fake_agent_worker
    return _make_worker(tmp_path)
           ^^^^^^^^^^^^^^^^^^^^^^
tests\unit\test_comfy_subprocess.py:56: in _make_worker
    scripts_dir.mkdir()
_ _ _ _ _ _ _ _ _ _ _ _ _ _ _ _ _ _ _ _ _ _ _ _ _ _ _ _ _ _ _ _ _ _ _ _ _ _ _ _

self = WindowsPath('C:/Users/mzq/AppData/Local/Temp/pytest-of-mzq/pytest-968/test_comfy_agenerate_uses_crea0/scripts')
mode = 511, parents = False, exist_ok = False

    def mkdir(self, mode=0o777, parents=False, exist_ok=False):
        """
        Create a new directory at this given path.
        """
        try:
>           os.mkdir(self, mode)
E           FileExistsError: [WinError 183] 当文件已存在时，无法创建该文件。: 'C:\\Users\\mzq\\AppData\\Local\\Temp\\pytest-of-mzq\\pytest-968\\test_comfy_agenerate_uses_crea0\\scripts'

C:\Users\mzq\AppData\Local\Programs\Python\Python313\Lib\pathlib\_local.py:722: FileExistsError
___________ test_comfy_submit_lock_serializes_concurrent_agenerate ____________

tmp_path = WindowsPath('C:/Users/mzq/AppData/Local/Temp/pytest-of-mzq/pytest-968/test_comfy_submit_lock_seriali0')

    async def test_comfy_submit_lock_serializes_concurrent_agenerate(tmp_path):
        """同一 event loop 内两个并发 agenerate 应被串行化:最大并发数为 1。
        通过 monkeypatch asyncio.create_subprocess_exec 注入计数器来验证。"""
        import asyncio
        import json as _json
    
        inflight = {"now": 0, "max": 0}
    
        fake_png = tmp_path / "out_lock.png"
        _make_png_file(fake_png)
        fake_stdout = _json.dumps({
            "ok": True,
            "outputs": {"images": [str(fake_png)], "glb": [], "audio": [], "video": []},
        }).encode("utf-8")
    
        class SlowFakeProcess:
            """模拟耗时 0.15s 的 subprocess,用于放大并发窗口。"""
            def __init__(self):
                self.returncode = 0
    
            async def communicate(self):
                # 模拟 subprocess 运行耗时,让并发窗口可观测
                await asyncio.sleep(0.15)
                return (fake_stdout, b"")
    
            async def wait(self):
                return 0
    
            def terminate(self):
                pass
    
            def kill(self):
                pass
    
        original_create = asyncio.create_subprocess_exec
    
        async def _counting_create(*a, **kw):
            inflight["now"] += 1
            inflight["max"] = max(inflight["max"], inflight["now"])
            proc = SlowFakeProcess()
            # 等 communicate 完成后才减计数(模拟 submit→poll 段的持有期)
            original_proc = proc
    
            class WrappedProc:
                def __init__(self):
                    self.returncode = 0
    
                async def communicate(self):
                    try:
                        return await original_proc.communicate()
                    finally:
                        inflight["now"] -= 1
    
                async def wait(self):
                    return 0
    
                def terminate(self):
                    pass
    
                def kill(self):
                    pass
    
            return WrappedProc()
    
        # 两个使用同一 scripts_dir / artifacts_dir 的 worker
        scripts_dir = tmp_path / "scripts"
        scripts_dir.mkdir(exist_ok=True)
        (scripts_dir / "comfyui_api").mkdir(exist_ok=True)
        artifacts_dir = tmp_path / "artifacts"
        artifacts_dir.mkdir(exist_ok=True)
    
        w1 = ComfyAgentWorker(
            scripts_dir=scripts_dir, model_id="comfy/local",
            run_id="run_lock_1", project_id="proj_lock",
            artifacts_dir=artifacts_dir,
        )
        w2 = ComfyAgentWorker(
            scripts_dir=scripts_dir, model_id="comfy/local",
            run_id="run_lock_2", project_id="proj_lock",
            artifacts_dir=artifacts_dir,
        )
    
        # monkeypatch asyncio.create_subprocess_exec(模块级替换)
        import framework.providers.workers.comfy_worker as _cw_mod
        original = _asyncio.create_subprocess_exec
        _asyncio.create_subprocess_exec = _counting_create  # type: ignore[assignment]
        try:
            await _asyncio.gather(
>               w1.agenerate(
                ^^^^^^^^^^^^
                    spec={"comfy_workflow": "GameAssets/01b_singleview_sdxl"},
                    num_candidates=1, seed=1, timeout_s=30,
                ),
                w2.agenerate(
                    spec={"comfy_workflow": "GameAssets/01b_singleview_sdxl"},
                    num_candidates=1, seed=2, timeout_s=30,
                ),
            )
E           AttributeError: 'ComfyAgentWorker' object has no attribute 'agenerate'. Did you mean: 'generate'?

tests\unit\test_comfy_subprocess.py:1452: AttributeError
____________ test_comfy_submit_lock_safe_across_asyncio_run_loops _____________

tmp_path = WindowsPath('C:/Users/mzq/AppData/Local/Temp/pytest-of-mzq/pytest-968/test_comfy_submit_lock_safe_ac0')

    def test_comfy_submit_lock_safe_across_asyncio_run_loops(tmp_path):
        """跨 loop 安全:连续两个 asyncio.run 各自内部并发两个 agenerate,
        不产生 cross-loop RuntimeError(模块级单一 asyncio.Lock 会炸,per-loop 则 OK)。"""
        import asyncio
        import json as _json
    
        fake_png = tmp_path / "out_xloop.png"
        _make_png_file(fake_png)
        fake_stdout = _json.dumps({
            "ok": True,
            "outputs": {"images": [str(fake_png)], "glb": [], "audio": [], "video": []},
        }).encode("utf-8")
    
        inflight_results: list[int] = []
    
        async def _two_concurrent() -> int:
            """在一个新 event loop 内并发两个 agenerate,返回观察到的最大并发数。"""
            inflight = {"now": 0, "max": 0}
    
            class SlowFakeProcess:
                def __init__(self):
                    self.returncode = 0
    
                async def communicate(self):
                    await asyncio.sleep(0.1)
                    return (fake_stdout, b"")
    
                async def wait(self):
                    return 0
    
                def terminate(self):
                    pass
    
                def kill(self):
                    pass
    
            original_create = asyncio.create_subprocess_exec
    
            async def _counting_create(*a, **kw):
                inflight["now"] += 1
                inflight["max"] = max(inflight["max"], inflight["now"])
                proc = SlowFakeProcess()
    
                class WrappedProc:
                    def __init__(self):
                        self.returncode = 0
    
                    async def communicate(self):
                        try:
                            return await proc.communicate()
                        finally:
                            inflight["now"] -= 1
    
                    async def wait(self):
                        return 0
    
                    def terminate(self):
                        pass
    
                    def kill(self):
                        pass
    
                return WrappedProc()
    
            scripts_dir = tmp_path / "scripts"
            scripts_dir.mkdir(exist_ok=True)
            (scripts_dir / "comfyui_api").mkdir(exist_ok=True)
            artifacts_dir = tmp_path / "artifacts"
            artifacts_dir.mkdir(exist_ok=True)
    
            w1 = ComfyAgentWorker(
                scripts_dir=scripts_dir, model_id="comfy/local",
                run_id="run_xloop_1", project_id="proj_xloop",
                artifacts_dir=artifacts_dir,
            )
            w2 = ComfyAgentWorker(
                scripts_dir=scripts_dir, model_id="comfy/local",
                run_id="run_xloop_2", project_id="proj_xloop",
                artifacts_dir=artifacts_dir,
            )
    
            _asyncio.create_subprocess_exec = _counting_create  # type: ignore[assignment]
            try:
                await _asyncio.gather(
                    w1.agenerate(
                        spec={"comfy_workflow": "GameAssets/01b_singleview_sdxl"},
                        num_candidates=1, seed=10, timeout_s=30,
                    ),
                    w2.agenerate(
                        spec={"comfy_workflow": "GameAssets/01b_singleview_sdxl"},
                        num_candidates=1, seed=20, timeout_s=30,
                    ),
                )
            finally:
                _asyncio.create_subprocess_exec = _asyncio.create_subprocess_exec  # type: ignore[assignment]
            return inflight["max"]
    
        # loop A
>       result_a = asyncio.run(_two_concurrent())
                   ^^^^^^^^^^^^^^^^^^^^^^^^^^^^^^

tests\unit\test_comfy_subprocess.py:1568: 
_ _ _ _ _ _ _ _ _ _ _ _ _ _ _ _ _ _ _ _ _ _ _ _ _ _ _ _ _ _ _ _ _ _ _ _ _ _ _ _
C:\Users\mzq\AppData\Local\Programs\Python\Python313\Lib\asyncio\runners.py:195: in run
    return runner.run(main)
           ^^^^^^^^^^^^^^^^
C:\Users\mzq\AppData\Local\Programs\Python\Python313\Lib\asyncio\runners.py:118: in run
    return self._loop.run_until_complete(task)
           ^^^^^^^^^^^^^^^^^^^^^^^^^^^^^^^^^^^
C:\Users\mzq\AppData\Local\Programs\Python\Python313\Lib\asyncio\base_events.py:725: in run_until_complete
    return future.result()
           ^^^^^^^^^^^^^^^
_ _ _ _ _ _ _ _ _ _ _ _ _ _ _ _ _ _ _ _ _ _ _ _ _ _ _ _ _ _ _ _ _ _ _ _ _ _ _ _

    async def _two_concurrent() -> int:
        """在一个新 event loop 内并发两个 agenerate,返回观察到的最大并发数。"""
        inflight = {"now": 0, "max": 0}
    
        class SlowFakeProcess:
            def __init__(self):
                self.returncode = 0
    
            async def communicate(self):
                await asyncio.sleep(0.1)
                return (fake_stdout, b"")
    
            async def wait(self):
                return 0
    
            def terminate(self):
                pass
    
            def kill(self):
                pass
    
        original_create = asyncio.create_subprocess_exec
    
        async def _counting_create(*a, **kw):
            inflight["now"] += 1
            inflight["max"] = max(inflight["max"], inflight["now"])
            proc = SlowFakeProcess()
    
            class WrappedProc:
                def __init__(self):
                    self.returncode = 0
    
                async def communicate(self):
                    try:
                        return await proc.communicate()
                    finally:
                        inflight["now"] -= 1
    
                async def wait(self):
                    return 0
    
                def terminate(self):
                    pass
    
                def kill(self):
                    pass
    
            return WrappedProc()
    
        scripts_dir = tmp_path / "scripts"
        scripts_dir.mkdir(exist_ok=True)
        (scripts_dir / "comfyui_api").mkdir(exist_ok=True)
        artifacts_dir = tmp_path / "artifacts"
        artifacts_dir.mkdir(exist_ok=True)
    
        w1 = ComfyAgentWorker(
            scripts_dir=scripts_dir, model_id="comfy/local",
            run_id="run_xloop_1", project_id="proj_xloop",
            artifacts_dir=artifacts_dir,
        )
        w2 = ComfyAgentWorker(
            scripts_dir=scripts_dir, model_id="comfy/local",
            run_id="run_xloop_2", project_id="proj_xloop",
            artifacts_dir=artifacts_dir,
        )
    
        _asyncio.create_subprocess_exec = _counting_create  # type: ignore[assignment]
        try:
            await _asyncio.gather(
>               w1.agenerate(
                ^^^^^^^^^^^^
                    spec={"comfy_workflow": "GameAssets/01b_singleview_sdxl"},
                    num_candidates=1, seed=10, timeout_s=30,
                ),
                w2.agenerate(
                    spec={"comfy_workflow": "GameAssets/01b_singleview_sdxl"},
                    num_candidates=1, seed=20, timeout_s=30,
                ),
            )
E           AttributeError: 'ComfyAgentWorker' object has no attribute 'agenerate'. Did you mean: 'generate'?

tests\unit\test_comfy_subprocess.py:1554: AttributeError
=========================== short test summary info ===========================
FAILED tests/unit/test_comfy_subprocess.py::test_comfy_agenerate_uses_create_subprocess_exec
FAILED tests/unit/test_comfy_subprocess.py::test_comfy_submit_lock_serializes_concurrent_agenerate
FAILED tests/unit/test_comfy_subprocess.py::test_comfy_submit_lock_safe_across_asyncio_run_loops
3 failed, 1 passed, 52 deselected in 0.32s
