........................................................................ [  6%]
........................................................................ [ 12%]
........................................................................ [ 18%]
........................................................................ [ 24%]
........................................................................ [ 30%]
..................................................................s..... [ 36%]
........................................................................ [ 42%]
........ss.............................................................. [ 48%]
........................................................................ [ 54%]
........................................................................ [ 60%]
........................................................................ [ 67%]
........................................................................ [ 73%]
........................................................................ [ 79%]
........................................................................ [ 85%]
........................................................................ [ 91%]
........................................................................ [ 97%]
..............................                                           [100%]
=========================== short test summary info ===========================
SKIPPED [1] tests\unit\test_comfy_subprocess_video.py:599: symlink 在 Windows 需要 admin 权限,跳过(POSIX 全覆盖)
SKIPPED [1] tests\unit\test_export_video_path_split.py:164: requires ExportExecutor end-to-end fixture; verify via integration test instead
SKIPPED [1] tests\unit\test_export_video_path_split.py:169: requires ExportExecutor end-to-end fixture; verify via integration test instead
1179 passed, 3 skipped in 47.74s
