============================= test session starts =============================
platform win32 -- Python 3.13.13, pytest-9.0.3, pluggy-1.6.0 -- C:\Users\mzq\AppData\Local\Programs\Python\Python313\python.exe
cachedir: .pytest_cache
rootdir: D:\ClaudeProject\ForgeUE_claude
configfile: pyproject.toml
plugins: anyio-4.13.0, asyncio-1.3.0
asyncio: mode=Mode.AUTO, debug=False, asyncio_default_fixture_loop_scope=None, asyncio_default_test_loop_scope=function
collecting ... collected 19 items / 17 deselected / 2 selected

tests/unit/test_comfy_lifecycle.py::test_cancel_then_reensure_does_not_leak FAILED [ 50%]
tests/unit/test_comfy_lifecycle.py::test_status_subprocess_timeout_returns_false FAILED [100%]

================================== FAILURES ===================================
___________________ test_cancel_then_reensure_does_not_leak ___________________

monkeypatch = <_pytest.monkeypatch.MonkeyPatch object at 0x000002622B205810>

    @pytest.mark.asyncio
    async def test_cancel_then_reensure_does_not_leak(monkeypatch):
        """回归测试 Important-1:cancel 后重新 ensure 不丢失 ownership。
    
        场景:
        1. ensure() 在 _wait_ready 期间被 cancel → _framework_started=True / _ensured=False
        2. 同一 manager 再次 ensure():此时 status() 返回 True(ComfyUI 已在跑)
           → 若缺少 _framework_started 守卫,会把 ownership 判为"别人起的"并置 False
           → release() 就不会调用 _spawn_stop → 进程泄漏
        3. 有守卫时:_framework_started=True → 跳过 status 探活,直接等 _wait_ready
           → ensure 完成后 _framework_started 仍为 True
        4. release("ensure_release", "run_end") 必须调用 _spawn_stop(不泄漏)
        """
        # 第一次 ensure 用的 status:down(触发 _spawn_serve)
        # 第二次 ensure 用的 status:up(ComfyUI 已跑起来了)
        status_results = [False, True]
        status_call_count = {"n": 0}
    
        async def _status(self):
            # 按顺序返回预设值
            idx = status_call_count["n"]
            status_call_count["n"] += 1
            return status_results[idx] if idx < len(status_results) else True
    
        serve_count = {"n": 0}
    
        async def _serve(self):
            serve_count["n"] += 1
    
        # 第一次 ensure:_wait_ready 挂起(模拟 cancel 场景)
        # 第二次 ensure:_wait_ready 立即返回(补完就绪)
        wait_ready_call_count = {"n": 0}
    
        async def _wait_ready(self):
            call = wait_ready_call_count["n"]
            wait_ready_call_count["n"] += 1
            if call == 0:
                # 第一次调用挂起,等待 cancel
                await asyncio.sleep(100)
            # 第二次调用立即返回(补完就绪)
    
        stop_count = {"n": 0}
    
        async def _stop(self):
            stop_count["n"] += 1
    
        monkeypatch.setattr(ComfyLifecycleManager, "status", _status)
        monkeypatch.setattr(ComfyLifecycleManager, "_spawn_serve", _serve)
        monkeypatch.setattr(ComfyLifecycleManager, "_wait_ready", _wait_ready)
        monkeypatch.setattr(ComfyLifecycleManager, "_spawn_stop", _stop)
    
        mgr = ComfyLifecycleManager(scripts_dir="/fake", poll_interval_s=0.01)
    
        # 第一次 ensure:在 _wait_ready 期被 cancel
        t = asyncio.create_task(mgr.ensure("ensure_release"))
        await asyncio.sleep(0.05)
        t.cancel()
        with pytest.raises(asyncio.CancelledError):
            await t
    
        # 断言:_framework_started 应为 True(ownership 持有中)
        assert mgr._framework_started is True, "cancel 后 _framework_started 应保持 True"
        assert mgr._ensured is False, "cancel 后 _ensured 应为 False(未完成 ensure)"
    
        # 第二次 ensure:status() 返回 True(ComfyUI 已在跑)
        # 有守卫时:走 _wait_ready 补完就绪路径,_framework_started 保持 True
        await mgr.ensure("ensure_release")
        assert mgr._ensured is True
        # 关键断言:_framework_started 应仍为 True(不被 status=True 误判为"别人起的")
>       assert mgr._framework_started is True, "re-ensure 后 _framework_started 不应被清为 False(ownership 不可丢失)"
E       AssertionError: re-ensure 后 _framework_started 不应被清为 False(ownership 不可丢失)
E       assert False is True
E        +  where False = <framework.runtime.lifecycle.ComfyLifecycleManager object at 0x000002622B13BB60>._framework_started

tests\unit\test_comfy_lifecycle.py:202: AssertionError
________________ test_status_subprocess_timeout_returns_false _________________

monkeypatch = <_pytest.monkeypatch.MonkeyPatch object at 0x000002622B249910>

    @pytest.mark.asyncio
    async def test_status_subprocess_timeout_returns_false(monkeypatch):
        """回归测试 Important-2:status() subprocess 挂起时应超时返回 False,不无限阻塞。
    
        monkeypatch asyncio.create_subprocess_exec 返回一个 communicate() 永久挂起的假进程。
        同时把 _STATUS_TIMEOUT_S 改小(0.1s)以加速测试。
        """
        import framework.runtime.lifecycle as lc_mod
    
        # 将超时常量改小以加速测试
>       monkeypatch.setattr(lc_mod, "_STATUS_TIMEOUT_S", 0.1)
E       AttributeError: <module 'framework.runtime.lifecycle' from 'D:\\ClaudeProject\\ForgeUE_claude\\src\\framework\\runtime\\lifecycle.py'> has no attribute '_STATUS_TIMEOUT_S'

tests\unit\test_comfy_lifecycle.py:219: AttributeError
- generated xml file: D:\ClaudeProject\ForgeUE_claude\forge\changes\executor-async-rewrite\.evidence\task-8r2-red-junit.xml -
=========================== short test summary info ===========================
FAILED tests/unit/test_comfy_lifecycle.py::test_cancel_then_reensure_does_not_leak
FAILED tests/unit/test_comfy_lifecycle.py::test_status_subprocess_timeout_returns_false
====================== 2 failed, 17 deselected in 0.34s =======================
