============================= test session starts =============================
platform win32 -- Python 3.13.13, pytest-9.0.3, pluggy-1.6.0 -- C:\Users\mzq\AppData\Local\Programs\Python\Python313\python.exe
cachedir: .pytest_cache
rootdir: D:\ClaudeProject\ForgeUE_claude
configfile: pyproject.toml
plugins: anyio-4.13.0, asyncio-1.3.0
asyncio: mode=Mode.AUTO, debug=False, asyncio_default_fixture_loop_scope=None, asyncio_default_test_loop_scope=function
collecting ... collected 0 items / 1 error

=================================== ERRORS ====================================
_____________ ERROR collecting tests/unit/test_comfy_lifecycle.py _____________
ImportError while importing test module 'D:\ClaudeProject\ForgeUE_claude\tests\unit\test_comfy_lifecycle.py'.
Hint: make sure your test modules/packages have valid Python names.
Traceback:
C:\Users\mzq\AppData\Local\Programs\Python\Python313\Lib\importlib\__init__.py:88: in import_module
    return _bootstrap._gcd_import(name[level:], package, level)
           ^^^^^^^^^^^^^^^^^^^^^^^^^^^^^^^^^^^^^^^^^^^^^^^^^^^^
tests\unit\test_comfy_lifecycle.py:4: in <module>
    from framework.runtime.lifecycle import ExternalProcessLifecycle, ComfyLifecycleManager
E   ModuleNotFoundError: No module named 'framework.runtime.lifecycle'
- generated xml file: D:\ClaudeProject\ForgeUE_claude\forge\changes\executor-async-rewrite\.evidence\task-8-red-junit.xml -
=========================== short test summary info ===========================
ERROR tests/unit/test_comfy_lifecycle.py
!!!!!!!!!!!!!!!!!!! Interrupted: 1 error during collection !!!!!!!!!!!!!!!!!!!!
============================== 1 error in 0.30s ===============================
