============================= test session starts =============================
platform win32 -- Python 3.13.13, pytest-9.0.3, pluggy-1.6.0 -- C:\Users\mzq\AppData\Local\Programs\Python\Python313\python.exe
cachedir: .pytest_cache
rootdir: D:\ClaudeProject\ForgeUE_claude
configfile: pyproject.toml
plugins: anyio-4.13.0, asyncio-1.3.0
asyncio: mode=Mode.AUTO, debug=False, asyncio_default_fixture_loop_scope=None, asyncio_default_test_loop_scope=function
collecting ... collected 61 items / 57 deselected / 4 selected

tests/unit/test_comfy_subprocess.py::test_lifecycle_other_than_none_raises_unsupported_response PASSED [ 25%]
tests/unit/test_comfy_subprocess.py::test_subprocess_invocation_passes_workflow_params_lifecycle_timeout PASSED [ 50%]
tests/unit/test_comfy_subprocess.py::test_comfy_accepts_four_lifecycle_modes FAILED [ 75%]
tests/unit/test_comfy_subprocess.py::test_comfy_rejects_unknown_lifecycle PASSED [100%]

================================== FAILURES ===================================
___________________ test_comfy_accepts_four_lifecycle_modes ___________________

tmp_path = WindowsPath('C:/Users/mzq/AppData/Local/Temp/pytest-of-mzq/pytest-1052/test_comfy_accepts_four_lifecy0')

    def test_comfy_accepts_four_lifecycle_modes(tmp_path):
        """Task 10 RED fence:ComfyAgentWorker 应接受 lifecycle 四合法值,不 raise。
    
        解锁前 ComfyAgentWorker.__init__ 只接受 "none"(D6 gate),
        传入 ensure_running / ensure_release / self_managed_session 会 raise
        WorkerUnsupportedResponse。解锁后四值均合法。
        """
        scripts_dir = tmp_path / "scripts"
        scripts_dir.mkdir()
        (scripts_dir / "comfyui_api").mkdir()
        artifacts_dir = tmp_path / "artifacts"
        artifacts_dir.mkdir()
    
        # 四个合法 lifecycle 值逐一构造 worker,不应 raise
        for mode in ("none", "ensure_running", "ensure_release", "self_managed_session"):
>           worker = ComfyAgentWorker(
                scripts_dir=scripts_dir,
                model_id="comfy/local",
                run_id="run_test",
                project_id="proj_test",
                artifacts_dir=artifacts_dir,
                default_lifecycle=mode,
            )

tests\unit\test_comfy_subprocess.py:1840: 
_ _ _ _ _ _ _ _ _ _ _ _ _ _ _ _ _ _ _ _ _ _ _ _ _ _ _ _ _ _ _ _ _ _ _ _ _ _ _ _

self = <framework.providers.workers.comfy_worker.ComfyAgentWorker object at 0x000001DAA2994E90>

    def __init__(
        self,
        *,                                       # H3: keyword-only
        scripts_dir: Path,                       # REQUIRED
        model_id: str,                           # REQUIRED (capability dispatch per D1)
        run_id: str,                             # REQUIRED (F4 fix)
        project_id: str,                         # REQUIRED (F4 fix)
        artifacts_dir: Path,                     # REQUIRED (G3 fix; ctx.run_dir)
        python_exe: Path | None = None,          # OPTIONAL (= sys.executable)
        default_lifecycle: str = "none",         # OPTIONAL (only "none" supported in this change)
    ) -> None:
        # F4 fix: REQUIRED project_id None/empty raise.
        if not project_id:
            raise WorkerUnsupportedResponse(
                "ComfyAgentWorker.__init__: project_id is REQUIRED; "
                "executor must pass ctx.task.project_id (round 2 OQ-3)"
            )
        if not run_id:
            raise WorkerUnsupportedResponse(
                "ComfyAgentWorker.__init__: run_id is REQUIRED; "
                "executor must pass ctx.run.run_id"
            )
        # G3 fix: REQUIRED artifacts_dir None or non-directory raise.
        if artifacts_dir is None:
            raise WorkerUnsupportedResponse(
                "ComfyAgentWorker.__init__: artifacts_dir is REQUIRED; "
                "executor must pass ctx.run_dir (round 2 OQ-7 = G-A; "
                "Path('.') default is test-mock convenience only)"
            )
        artifacts_dir = Path(artifacts_dir)
        if not artifacts_dir.is_dir():
            # Auto-create — this is a normal first-run condition for the
            # production path where Orchestrator computes run_dir but
            # the directory may not yet exist. ImageCandidate copy
            # target needs a real directory.
            artifacts_dir.mkdir(parents=True, exist_ok=True)
        # D6: lifecycle scope is locked to "none" in this change (TBD-010 will lift).
        if default_lifecycle != "none":
>           raise WorkerUnsupportedResponse(
                f"ComfyAgentWorker only supports default_lifecycle='none' "
                f"in this change scope (got {default_lifecycle!r}); "
                f"see SRS TBD-010 for the future executor-async-rewrite change."
            )
E           framework.providers.workers.comfy_worker.WorkerUnsupportedResponse: ComfyAgentWorker only supports default_lifecycle='none' in this change scope (got 'ensure_running'); see SRS TBD-010 for the future executor-async-rewrite change.

src\framework\providers\workers\comfy_worker.py:447: WorkerUnsupportedResponse
- generated xml file: D:\ClaudeProject\ForgeUE_claude\forge\changes\executor-async-rewrite\.evidence\task-10-red-junit.xml -
=========================== short test summary info ===========================
FAILED tests/unit/test_comfy_subprocess.py::test_comfy_accepts_four_lifecycle_modes
================= 1 failed, 3 passed, 57 deselected in 0.31s ==================
