........................................................................ [  6%]
........................................................................ [ 12%]
........................................................................ [ 18%]
........................................................................ [ 25%]
........................................................................ [ 31%]
....................................s................................... [ 37%]
..................................................ss.................... [ 44%]
........................................................................ [ 50%]
........................................................................ [ 56%]
........................................................................ [ 62%]
........................................................................ [ 69%]
........................................................................ [ 75%]
........................................................................ [ 81%]
........................................................................ [ 88%]
........................................................................ [ 94%]
...............................................................          [100%]
=========================== short test summary info ===========================
SKIPPED [1] tests\unit\test_comfy_subprocess_video.py:599: symlink 在 Windows 需要 admin 权限,跳过(POSIX 全覆盖)
SKIPPED [1] tests\unit\test_export_video_path_split.py:164: requires ExportExecutor end-to-end fixture; verify via integration test instead
SKIPPED [1] tests\unit\test_export_video_path_split.py:169: requires ExportExecutor end-to-end fixture; verify via integration test instead
1140 passed, 3 skipped in 32.56s
